[debug] [2026-07-12T16:17:57.271Z] ----------------------------------------------------------------------
[debug] [2026-07-12T16:17:57.273Z] Command:       /Users/sanjana/.nvm/versions/node/v20.19.6/bin/node /Users/sanjana/.nvm/versions/node/v20.19.6/bin/firebase init
[debug] [2026-07-12T16:17:57.273Z] CLI Version:   15.23.0
[debug] [2026-07-12T16:17:57.273Z] Platform:      darwin
[debug] [2026-07-12T16:17:57.273Z] Node Version:  v20.19.6
[debug] [2026-07-12T16:17:57.273Z] Detected Agent: github_copilot_vscode_agent
[debug] [2026-07-12T16:17:57.273Z] Time:          Sun Jul 12 2026 21:47:57 GMT+0530 (India Standard Time)
[debug] [2026-07-12T16:17:57.274Z] ----------------------------------------------------------------------
[debug] 
[info] 
     ######## #### ########  ######## ########     ###     ######  ########
     ##        ##  ##     ## ##       ##     ##  ##   ##  ##       ##
     ######    ##  ########  ######   ########  #########  ######  ######
     ##        ##  ##    ##  ##       ##     ## ##     ##       ## ##
     ##       #### ##     ## ######## ########  ##     ##  ######  ########

You're about to initialize a Firebase project in this directory:

  /Users/sanjana/Desktop/Projects/Smart-Agriculture-Advisory-using-AI/frontend

[info] 
=== Project Setup
[info] 
[info] First, let's associate this project directory with a Firebase project.
[info] You can create multiple project aliases by running firebase use --add, 
[info] 
[debug] [2026-07-12T16:18:59.269Z] > command requires scopes: ["email","openid","https://www.googleapis.com/auth/cloudplatformprojects.readonly","https://www.googleapis.com/auth/firebase","https://www.googleapis.com/auth/cloud-platform"]
[debug] [2026-07-12T16:18:59.270Z] > authorizing via signed-in user (divagar656@gmail.com)
[debug] [2026-07-12T16:18:59.271Z] Checked if tokens are valid: true, expires at: 1783876667838
[debug] [2026-07-12T16:18:59.271Z] Checked if tokens are valid: true, expires at: 1783876667838
[debug] [2026-07-12T16:18:59.273Z] >>> [apiv2][query] GET https://firebase.googleapis.com/v1beta1/projects pageSize=100
[debug] [2026-07-12T16:19:00.083Z] <<< [apiv2][status] GET https://firebase.googleapis.com/v1beta1/projects 200
[debug] [2026-07-12T16:19:00.083Z] <<< [apiv2][body] GET https://firebase.googleapis.com/v1beta1/projects [omitted]
[info] 
=== Authentication Setup
[debug] [2026-07-12T16:20:09.322Z] ExitPromptError: User force closed the prompt with SIGINT
    at Interface.sigint (/Users/sanjana/.nvm/versions/node/v20.19.6/lib/node_modules/firebase-tools/node_modules/@inquirer/core/dist/commonjs/lib/create-prompt.js:101:37)
    at Interface.emit (node:events:524:28)
    at [_ttyWrite] [as _ttyWrite] (node:internal/readline/interface:1134:18)
    at ReadStream.onkeypress (node:internal/readline/interface:267:20)
    at ReadStream.emit (node:events:536:35)
    at emitKeys (node:internal/readline/utils:371:14)
    at emitKeys.next (<anonymous>)
    at ReadStream.onData (node:internal/readline/emitKeypressEvents:64:36)
    at ReadStream.emit (node:events:524:28)
    at addChunk (node:internal/streams/readable:561:12)
[error] 
[error] Error: An unexpected error has occurred.
